[    0.000000] Initializing cgroup subsys cpuset
[    0.000000] Initializing cgroup subsys cpu
[    0.000000] Initializing cgroup subsys cpuacct
[    0.000000] Linux version 4.4.0-96-generic (buildd@lgw01-10) (gcc version 5.4.0 20160609 (Ubuntu 5.4.0-6ubuntu1~16.04.4) ) #119-Ubuntu SMP Tue Sep 12 14:59:54 UTC 2017 (Ubuntu 4.4.0-96.119-generic 4.4.83)
[    0.000000] Command line: BOOT_IMAGE=/boot/vmlinuz-4.4.0-96-generic root=LABEL=cloudimg-rootfs ro console=tty1 console=ttyS0
[    0.000000] KERNEL supported cpus:
[    0.000000]   Intel GenuineIntel
[    0.000000]   AMD AuthenticAMD
[    0.000000]   Centaur CentaurHauls
[    0.000000] ------------[ cut here ]------------
[    0.000000] WARNING: CPU: 0 PID: 0 at /build/linux-z2ccW0/linux-4.4.0/arch/x86/kernel/fpu/xstate.c:517 fpu__init_system_xstate+0x38b/0x75a()
[    0.000000] XSAVE consistency problem, dumping leaves
[    0.000000] Modules linked in:
[    0.000000] CPU: 0 PID: 0 Comm: swapper Not tainted 4.4.0-96-generic #119-Ubuntu
[    0.000000]  0000000000000086 003a1e0b11416c89 ffffffff81e03d80 ffffffff813fabd3
[    0.000000]  ffffffff81e03dc8 ffffffff81caa650 ffffffff81e03db8 ffffffff810812e2
[    0.000000]  ffffffff81e03e48 ffffffff81e03e4c 0000000000000008 0000000000000100
[    0.000000] Call Trace:
[    0.000000]  [<ffffffff813fabd3>] dump_stack+0x63/0x90
[    0.000000]  [<ffffffff810812e2>] warn_slowpath_common+0x82/0xc0
[    0.000000]  [<ffffffff8108137c>] warn_slowpath_fmt+0x5c/0x80
[    0.000000]  [<ffffffff8107cff0>] ? xfeature_size+0x59/0x77
[    0.000000]  [<ffffffff81f6e20b>] fpu__init_system_xstate+0x38b/0x75a
[    0.000000]  [<ffffffff81f5e120>] ? early_idt_handler_array+0x120/0x120
[    0.000000]  [<ffffffff81f6db76>] fpu__init_system+0x10d/0x245
[    0.000000]  [<ffffffff81f6ec7f>] early_cpu_init+0x139/0x13e
[    0.000000]  [<ffffffff81f6ec7f>] ? early_cpu_init+0x139/0x13e
[    0.000000]  [<ffffffff81f6a181>] setup_arch+0xb4/0xcf6
[    0.000000]  [<ffffffff81f5e120>] ? early_idt_handler_array+0x120/0x120
[    0.000000]  [<ffffffff81f5ec74>] start_kernel+0xe4/0x4a2
[    0.000000]  [<ffffffff81f5e120>] ? early_idt_handler_array+0x120/0x120
[    0.000000]  [<ffffffff81f5e339>] x86_64_start_reservations+0x2a/0x2c
[    0.000000]  [<ffffffff81f5e485>] x86_64_start_kernel+0x14a/0x16d
[    0.000000] ---[ end trace 4d5ff9f2f68c4233 ]---
[    0.000000] CPUID[0d, 00]: eax=00000007 ebx=00000440 ecx=00000440 edx=00000000
[    0.000000] CPUID[0d, 01]: eax=00000000 ebx=000003c0 ecx=00000000 edx=00000000
[    0.000000] CPUID[0d, 02]: eax=00000100 ebx=00000240 ecx=00000000 edx=00000000
[    0.000000] CPUID[0d, 03]: eax=00000000 ebx=00000000 ecx=00000000 edx=00000000
[    0.000000] CPUID[0d, 04]: eax=00000000 ebx=00000000 ecx=00000000 edx=00000000
[    0.000000] CPUID[0d, 05]: eax=00000000 ebx=00000000 ecx=00000000 edx=00000000
[    0.000000] CPUID[0d, 06]: eax=00000000 ebx=00000000 ecx=00000000 edx=00000000
[    0.000000] CPUID[0d, 07]: eax=00000000 ebx=00000000 ecx=00000000 edx=00000000
[    0.000000] CPUID[0d, 08]: eax=00000000 ebx=00000000 ecx=00000000 edx=00000000
[    0.000000] CPUID[0d, 09]: eax=00000000 ebx=00000000 ecx=00000000 edx=00000000
[    0.000000] CPUID[0d, 0a]: eax=00000000 ebx=00000000 ecx=00000000 edx=00000000
[    0.000000] CPUID[0d, 0b]: eax=00000000 ebx=00000000 ecx=00000000 edx=00000000
[    0.000000] CPUID[0d, 0c]: eax=00000000 ebx=00000000 ecx=00000000 edx=00000000
[    0.000000] CPUID[0d, 0d]: eax=00000000 ebx=00000000 ecx=00000000 edx=00000000
[    0.000000] CPUID[0d, 0e]: eax=00000000 ebx=00000000 ecx=00000000 edx=00000000
[    0.000000] CPUID[0d, 0f]: eax=00000000 ebx=00000000 ecx=00000000 edx=00000000
[    0.000000] CPUID[0d, 10]: eax=00000000 ebx=00000000 ecx=00000000 edx=00000000
[    0.000000] CPUID[0d, 11]: eax=00000000 ebx=00000000 ecx=00000000 edx=00000000
[    0.000000] x86/fpu: xstate_offset[2]:  576, xstate_sizes[2]:  256
[    0.000000] x86/fpu: Supporting XSAVE feature 0x01: 'x87 floating point registers'
[    0.000000] x86/fpu: Supporting XSAVE feature 0x02: 'SSE registers'
[    0.000000] x86/fpu: Supporting XSAVE feature 0x04: 'AVX registers'
[    0.000000] x86/fpu: Enabled xstate features 0x7, context size is 1088 bytes, using 'standard' format.
[    0.000000] x86/fpu: Using 'lazy' FPU context switches.
[    0.000000] e820: BIOS-provided physical RAM map:
[    0.000000] BIOS-e820: [mem 0x0000000000000000-0x000000000009fbff] usable
[    0.000000] BIOS-e820: [mem 0x000000000009fc00-0x000000000009ffff] reserved
[    0.000000] BIOS-e820: [mem 0x00000000000f0000-0x00000000000fffff] reserved
[    0.000000] BIOS-e820: [mem 0x0000000000100000-0x000000001ffeffff] usable
[    0.000000] BIOS-e820: [mem 0x000000001fff0000-0x000000001fffffff] ACPI data
[    0.000000] BIOS-e820: [mem 0x00000000fec00000-0x00000000fec00fff] reserved
[    0.000000] BIOS-e820: [mem 0x00000000fee00000-0x00000000fee00fff] reserved
[    0.000000] BIOS-e820: [mem 0x00000000fffc0000-0x00000000ffffffff] reserved
[    0.000000] NX (Execute Disable) protection: active
[    0.000000] SMBIOS 2.5 present.
[    0.000000] Hypervisor detected: KVM
[    0.000000] e820: last_pfn = 0x1fff0 max_arch_pfn = 0x400000000
[    0.000000] MTRR: Disabled
[    0.000000] x86/PAT: MTRRs disabled, skipping PAT initialization too.
[    0.000000] CPU MTRRs all blank - virtualized system.
[    0.000000] x86/PAT: Configuration [0-7]: WB  WT  UC- UC  WB  WT  UC- UC  
[    0.000000] found SMP MP-table at [mem 0x0009fff0-0x0009ffff] mapped at [ffff88000009fff0]
[    0.000000] Scanning 1 areas for low memory corruption
[    0.000000] RAMDISK: [mem 0x1ed6e000-0x1f7f9fff]
[    0.000000] ACPI: Early table checksum verification disabled
[    0.000000] ACPI: RSDP 0x00000000000E0000 000024 (v02 VBOX  )
[    0.000000] ACPI: XSDT 0x000000001FFF0030 00003C (v01 VBOX   VBOXXSDT 00000001 ASL  00000061)
[    0.000000] ACPI: FACP 0x000000001FFF00F0 0000F4 (v04 VBOX   VBOXFACP 00000001 ASL  00000061)
[    0.000000] ACPI: DSDT 0x000000001FFF0470 0021FF (v02 VBOX   VBOXBIOS 00000002 INTL 20160108)
[    0.000000] ACPI: FACS 0x000000001FFF0200 000040
[    0.000000] ACPI: FACS 0x000000001FFF0200 000040
[    0.000000] ACPI: APIC 0x000000001FFF0240 00005C (v02 VBOX   VBOXAPIC 00000001 ASL  00000061)
[    0.000000] ACPI: SSDT 0x000000001FFF02A0 0001CC (v01 VBOX   VBOXCPUT 00000002 INTL 20160108)
[    0.000000] No NUMA configuration found
[    0.000000] Faking a node at [mem 0x0000000000000000-0x000000001ffeffff]
[    0.000000] NODE_DATA(0) allocated [mem 0x1ffeb000-0x1ffeffff]
[    0.000000] kvm-clock: Using msrs 4b564d01 and 4b564d00
[    0.000000] kvm-clock: cpu 0, msr 0:1ffe3001, primary cpu clock
[    0.000000] kvm-clock: using sched offset of 3656851600 cycles
[    0.000000] clocksource: kvm-clock: mask: 0xffffffffffffffff max_cycles: 0x1cd42e4dffb, max_idle_ns: 881590591483 ns
[    0.000000] Zone ranges:
[    0.000000]   DMA      [mem 0x0000000000001000-0x0000000000ffffff]
[    0.000000]   DMA32    [mem 0x0000000001000000-0x000000001ffeffff]
[    0.000000]   Normal   empty
[    0.000000]   Device   empty
[    0.000000] Movable zone start for each node
[    0.000000] Early memory node ranges
[    0.000000]   node   0: [mem 0x0000000000001000-0x000000000009efff]
[    0.000000]   node   0: [mem 0x0000000000100000-0x000000001ffeffff]
[    0.000000] Initmem setup node 0 [mem 0x0000000000001000-0x000000001ffeffff]
[    0.000000] ACPI: PM-Timer IO Port: 0x4008
[    0.000000] IOAPIC[0]: apic_id 2, version 32, address 0xfec00000, GSI 0-23
[    0.000000] ACPI: INT_SRC_OVR (bus 0 bus_irq 0 global_irq 2 dfl dfl)
[    0.000000] ACPI: INT_SRC_OVR (bus 0 bus_irq 9 global_irq 9 high level)
[    0.000000] Using ACPI (MADT) for SMP configuration information
[    0.000000] smpboot: Allowing 2 CPUs, 0 hotplug CPUs
[    0.000000] PM: Registered nosave memory: [mem 0x00000000-0x00000fff]
[    0.000000] PM: Registered nosave memory: [mem 0x0009f000-0x0009ffff]
[    0.000000] PM: Registered nosave memory: [mem 0x000a0000-0x000effff]
[    0.000000] PM: Registered nosave memory: [mem 0x000f0000-0x000fffff]
[    0.000000] e820: [mem 0x20000000-0xfebfffff] available for PCI devices
[    0.000000] Booting paravirtualized kernel on KVM
[    0.000000] clocksource: refined-jiffies: mask: 0xffffffff max_cycles: 0xffffffff, max_idle_ns: 7645519600211568 ns
[    0.000000] setup_percpu: NR_CPUS:512 nr_cpumask_bits:512 nr_cpu_ids:2 nr_node_ids:1
[    0.000000] PERCPU: Embedded 34 pages/cpu @ffff88001fc00000 s98328 r8192 d32744 u1048576
[    0.000000] PV qspinlock hash table entries: 256 (order: 0, 4096 bytes)
[    0.000000] Built 1 zonelists in Node order, mobility grouping on.  Total pages: 128889
[    0.000000] Policy zone: DMA32
[    0.000000] Kernel command line: BOOT_IMAGE=/boot/vmlinuz-4.4.0-96-generic root=LABEL=cloudimg-rootfs ro console=tty1 console=ttyS0
[    0.000000] PID hash table entries: 2048 (order: 2, 16384 bytes)
[    0.000000] Memory: 485684K/523832K available (8479K kernel code, 1294K rwdata, 3984K rodata, 1492K init, 1316K bss, 38148K reserved, 0K cma-reserved)
[    0.000000] SLUB: HWalign=64, Order=0-3, MinObjects=0, CPUs=2, Nodes=1
[    0.000000] Hierarchical RCU implementation.
[    0.000000] 	Build-time adjustment of leaf fanout to 64.
[    0.000000] 	RCU restricting CPUs from NR_CPUS=512 to nr_cpu_ids=2.
[    0.000000] RCU: Adjusting geometry for rcu_fanout_leaf=64, nr_cpu_ids=2
[    0.000000] NR_IRQS:33024 nr_irqs:440 16
[    0.000000] Console: colour VGA+ 80x25
[    0.000000] console [tty1] enabled
[    0.000000] console [ttyS0] enabled
[    0.000000] tsc: Detected 2592.000 MHz processor
[    0.187728] Calibrating delay loop (skipped) preset value.. 5184.00 BogoMIPS (lpj=10368000)
[    0.189448] pid_max: default: 32768 minimum: 301
[    0.190394] ACPI: Core revision 20150930
[    0.192605] ACPI: 2 ACPI AML tables successfully acquired and loaded
[    0.194091] Security Framework initialized
[    0.195020] Yama: becoming mindful.
[    0.195852] AppArmor: AppArmor initialized
[    0.196737] Dentry cache hash table entries: 65536 (order: 7, 524288 bytes)
[    0.198093] Inode-cache hash table entries: 32768 (order: 6, 262144 bytes)
[    0.199506] Mount-cache hash table entries: 1024 (order: 1, 8192 bytes)
[    0.200865] Mountpoint-cache hash table entries: 1024 (order: 1, 8192 bytes)
[    0.202349] Initializing cgroup subsys io
[    0.203437] Initializing cgroup subsys memory
[    0.204593] Initializing cgroup subsys devices
[    0.205798] Initializing cgroup subsys freezer
[    0.206794] Initializing cgroup subsys net_cls
[    0.207810] Initializing cgroup subsys perf_event
[    0.208786] Initializing cgroup subsys net_prio
[    0.209661] Initializing cgroup subsys hugetlb
[    0.210658] Initializing cgroup subsys pids
[    0.211796] CPU: Physical Processor ID: 0
[    0.212684] CPU: Processor Core ID: 0
[    0.214706] mce: CPU supports 0 MCE banks
[    0.215740] Last level iTLB entries: 4KB 128, 2MB 8, 4MB 8
[    0.216925] Last level dTLB entries: 4KB 64, 2MB 0, 4MB 0, 1GB 4
[    0.219859] Freeing SMP alternatives memory: 32K
[    0.228072] ftrace: allocating 32146 entries in 126 pages
[    0.273237] smpboot: APIC(0) Converting physical 0 to logical package 0
[    0.274693] smpboot: Max logical packages: 1
[    0.275935] x2apic enabled
[    0.276875] Switched APIC routing to physical x2apic.
[    0.279019] ..TIMER: vector=0x30 apic1=0 pin1=2 apic2=-1 pin2=-1
[    0.387278] smpboot: CPU0: Intel(R) Core(TM) i5-6440HQ CPU @ 2.60GHz (family: 0x6, model: 0x5e, stepping: 0x3)
[    0.389592] Performance Events: unsupported p6 CPU model 94 no PMU driver, software events only.
[    0.391758] KVM setup paravirtual spinlock
[    0.393384] x86: Booting SMP configuration:
[    0.394287] .... node  #0, CPUs:      #1
[    0.395209] kvm-clock: cpu 1, msr 0:1ffe3041, secondary cpu clock
[    0.403146] mce: CPU supports 0 MCE banks
[    0.405691] x86: Booted up 1 node, 2 CPUs
[    0.435790] smpboot: Total of 2 processors activated (10368.00 BogoMIPS)
[    0.444242] devtmpfs: initialized
[    0.447500] evm: security.selinux
[    0.463458] evm: security.SMACK64
[    0.480771] evm: security.SMACK64EXEC
[    0.483592] evm: security.SMACK64TRANSMUTE
[    0.499735] evm: security.SMACK64MMAP
[    0.502548] evm: security.ima
[    0.527173] evm: security.capability
[    0.532790] clocksource: jiffies: mask: 0xffffffff max_cycles: 0xffffffff, max_idle_ns: 7645041785100000 ns
[    0.569258] futex hash table entries: 512 (order: 3, 32768 bytes)
[    0.627624] pinctrl core: initialized pinctrl subsystem
[    0.663626] RTC time: 19:52:55, date: 10/05/17
[    0.679830] NET: Registered protocol family 16
[    0.698737] cpuidle: using governor ladder
[    0.727416] cpuidle: using governor menu
[    0.799488] PCCT header not found.
[    0.828696] ACPI: bus type PCI registered
[    0.933951] acpiphp: ACPI Hot Plug PCI Controller Driver version: 0.5
[    1.105009] PCI: Using configuration type 1 for base access
[    1.271688] ACPI: Added _OSI(Module Device)
[    1.314498] ACPI: Added _OSI(Processor Device)
[    1.435060] ACPI: Added _OSI(3.0 _SCP Extensions)
[    1.555025] ACPI: Added _OSI(Processor Aggregator Device)
[    1.698921] ACPI: Executed 1 blocks of module-level executable AML code
[    1.876655] ACPI: Interpreter enabled
[    1.968927] ACPI: (supports S0 S5)
[    2.055458] ACPI: Using IOAPIC for interrupt routing
[    2.194580] PCI: Using host bridge windows from ACPI; if necessary, use "pci=nocrs" and report a bug
[    2.474800] ACPI: PCI Root Bridge [PCI0] (domain 0000 [bus 00-ff])
[    2.641034] acpi PNP0A03:00: _OSC: OS supports [ASPM ClockPM Segments MSI]
[    2.845038] acpi PNP0A03:00: _OSC: not requesting OS control; OS requires [ExtendedConfig ASPM ClockPM MSI]
[    2.974233] acpi PNP0A03:00: fail to add MMCONFIG information, can't access extended PCI configuration space under this bridge.
[    3.277523] PCI host bridge to bus 0000:00
[    3.379544] pci_bus 0000:00: root bus resource [io  0x0000-0x0cf7 window]
[    3.563359] pci_bus 0000:00: root bus resource [io  0x0d00-0xffff window]
[    3.754147] pci_bus 0000:00: root bus resource [mem 0x000a0000-0x000bffff window]
[    3.974433] pci_bus 0000:00: root bus resource [mem 0x20000000-0xffdfffff window]
[    4.047966] pci_bus 0000:00: root bus resource [bus 00-ff]
[    4.200275] pci 0000:00:01.1: legacy IDE quirk: reg 0x10: [io  0x01f0-0x01f7]
[    4.403280] pci 0000:00:01.1: legacy IDE quirk: reg 0x14: [io  0x03f6]
[    4.593798] pci 0000:00:01.1: legacy IDE quirk: reg 0x18: [io  0x0170-0x0177]
[    4.786226] pci 0000:00:01.1: legacy IDE quirk: reg 0x1c: [io  0x0376]
[    4.989891] pci 0000:00:07.0: quirk: [io  0x4000-0x403f] claimed by PIIX4 ACPI
[    5.165149] pci 0000:00:07.0: quirk: [io  0x4100-0x410f] claimed by PIIX4 SMB
[    5.379844] ACPI: PCI Interrupt Link [LNKA] (IRQs 5 9 10 *11)
[    5.514092] ACPI: PCI Interrupt Link [LNKB] (IRQs 5 9 10 *11)
[    5.644466] ACPI: PCI Interrupt Link [LNKC] (IRQs 5 9 *10 11)
[    5.772518] ACPI: PCI Interrupt Link [LNKD] (IRQs 5 *9 10 11)
[    5.895557] ACPI: Enabled 2 GPEs in block 00 to 07
[    6.026234] vgaarb: setting as boot device: PCI:0000:00:02.0
[    6.184200] vgaarb: device added: PCI:0000:00:02.0,decodes=io+mem,owns=io+mem,locks=none
[    6.402450] vgaarb: loaded
[    6.479549] vgaarb: bridge control possible 0000:00:02.0
[    6.549646] SCSI subsystem initialized
[    6.644531] ACPI: bus type USB registered
[    6.750190] usbcore: registered new interface driver usbfs
[    6.793318] usbcore: registered new interface driver hub
[    6.880883] usbcore: registered new device driver usb
[    7.002578] PCI: Using ACPI for IRQ routing
[    7.098332] NetLabel: Initializing
[    7.164171] NetLabel:  domain hash size = 128
[    7.259644] NetLabel:  protocols = UNLABELED CIPSOv4
[    7.378304] NetLabel:  unlabeled traffic allowed by default
[    7.505040] amd_nb: Cannot enumerate AMD northbridges
[    7.634125] clocksource: Switched to clocksource kvm-clock
[    7.780922] AppArmor: AppArmor Filesystem Enabled
[    7.913402] pnp: PnP ACPI init
[    8.000492] pnp: PnP ACPI: found 3 devices
[    8.121464] clocksource: acpi_pm: mask: 0xffffff max_cycles: 0xffffff, max_idle_ns: 2085701024 ns
[    8.351498] NET: Registered protocol family 2
[    8.481999] TCP established hash table entries: 4096 (order: 3, 32768 bytes)
[    8.699023] TCP bind hash table entries: 4096 (order: 4, 65536 bytes)
[    8.888783] TCP: Hash tables configured (established 4096 bind 4096)
[    9.086225] UDP hash table entries: 256 (order: 1, 8192 bytes)
[    9.257354] UDP-Lite hash table entries: 256 (order: 1, 8192 bytes)
[    9.411061] NET: Registered protocol family 1
[    9.441256] pci 0000:00:00.0: Limiting direct PCI/PCI transfers
[    9.444645] pci 0000:00:01.0: Activating ISA DMA hang workarounds
[    9.446897] Unpacking initramfs...
[   11.076841] Freeing initrd memory: 10800K
[   11.384726] platform rtc_cmos: registered platform RTC device (no PNP device found)
[   11.711618] Scanning for low memory corruption every 60 seconds
[   12.011801] audit: initializing netlink subsys (disabled)
[   12.331242] audit: type=2000 audit(1507233184.664:1): initialized
[   12.683970] tsc: Refined TSC clocksource calibration: 2592.034 MHz
[   12.780219] clocksource: tsc: mask: 0xffffffffffffffff max_cycles: 0x255cd72cd16, max_idle_ns: 440795293121 ns
[   12.780517] Initialise system trusted keyring
[   12.780590] HugeTLB registered 2 MB page size, pre-allocated 0 pages
[   12.781744] zbud: loaded
[   12.781878] VFS: Disk quotas dquot_6.6.0
[   12.781902] VFS: Dquot-cache hash table entries: 512 (order 0, 4096 bytes)
[   12.782136] squashfs: version 4.0 (2009/01/31) Phillip Lougher
[   12.786194] fuse init (API version 7.23)
[   12.786307] Key type big_key registered
[   12.786325] Allocating IMA MOK and blacklist keyrings.
[   12.786523] Key type asymmetric registered
[   12.786534] Asymmetric key parser 'x509' registered
[   12.786582] Block layer SCSI generic (bsg) driver version 0.4 loaded (major 249)
[   12.786599] io scheduler noop registered
[   12.786601] io scheduler deadline registered (default)
[   12.786623] io scheduler cfq registered
[   12.786697] pci_hotplug: PCI Hot Plug PCI Core version: 0.5
[   12.786701] pciehp: PCI Express Hot Plug Controller Driver version: 0.4
[   12.786791] ACPI: AC Adapter [AC] (on-line)
[   12.786831] input: Power Button as /devices/LNXSYSTM:00/LNXPWRBN:00/input/input0
[   12.786833] ACPI: Power Button [PWRF]
[   12.786877] input: Sleep Button as /devices/LNXSYSTM:00/LNXSLPBN:00/input/input1
[   12.786879] ACPI: Sleep Button [SLPF]
[   12.786979] GHES: HEST is not enabled!
[   12.787044] Serial: 8250/16550 driver, 32 ports, IRQ sharing enabled
[   12.808364] 00:02: ttyS0 at I/O 0x3f8 (irq = 4, base_baud = 115200) is a 16550A
[   12.973935] Linux agpgart interface v0.103
[   13.142887] ACPI: Battery Slot [BAT0] (battery present)
[   13.143842] loop: module loaded
[   13.144313] scsi host0: ata_piix
[   13.144385] scsi host1: ata_piix
[   13.144409] ata1: PATA max UDMA/33 cmd 0x1f0 ctl 0x3f6 bmdma 0xd000 irq 14
[   13.144410] ata2: PATA max UDMA/33 cmd 0x170 ctl 0x376 bmdma 0xd008 irq 15
[   13.144470] libphy: Fixed MDIO Bus: probed
[   13.144472] tun: Universal TUN/TAP device driver, 1.6
[   13.144473] tun: (C) 1999-2004 Max Krasnyansky <maxk@qualcomm.com>
[   13.144746] PPP generic driver version 2.4.2
[   13.144801] ehci_hcd: USB 2.0 'Enhanced' Host Controller (EHCI) Driver
[   13.144804] ehci-pci: EHCI PCI platform driver
[   13.144818] ehci-platform: EHCI generic platform driver
[   13.144824] ohci_hcd: USB 1.1 'Open' Host Controller (OHCI) Driver
[   13.144827] ohci-pci: OHCI PCI platform driver
[   13.144833] ohci-platform: OHCI generic platform driver
[   13.144839] uhci_hcd: USB Universal Host Controller Interface driver
[   13.144883] i8042: PNP: PS/2 Controller [PNP0303:PS2K,PNP0f03:PS2M] at 0x60,0x64 irq 1,12
[   13.145301] serio: i8042 KBD port at 0x60,0x64 irq 1
[   13.145305] serio: i8042 AUX port at 0x60,0x64 irq 12
[   13.145426] mousedev: PS/2 mouse device common for all mice
[   13.145663] input: AT Translated Set 2 keyboard as /devices/platform/i8042/serio0/input/input2
[   13.145916] rtc_cmos rtc_cmos: rtc core: registered rtc_cmos as rtc0
[   13.145970] rtc_cmos rtc_cmos: alarms up to one day, 114 bytes nvram
[   13.145974] i2c /dev entries driver
[   13.146014] device-mapper: uevent: version 1.0.3
[   13.146056] device-mapper: ioctl: 4.34.0-ioctl (2015-10-28) initialised: dm-devel@redhat.com
[   13.146067] ledtrig-cpu: registered to indicate activity on CPUs
[   13.146521] NET: Registered protocol family 10
[   13.146671] NET: Registered protocol family 17
[   13.146677] Key type dns_resolver registered
[   13.146776] microcode: CPU0 sig=0x506e3, pf=0x2, revision=0x0
[   13.182548] microcode: CPU1 sig=0x506e3, pf=0x2, revision=0x0
[   13.182606] microcode: Microcode Update Driver: v2.01 <tigran@aivazian.fsnet.co.uk>, Peter Oruba
[   13.182709] registered taskstats version 1
[   13.182724] Loading compiled-in X.509 certificates
[   13.183337] Loaded X.509 cert 'Build time autogenerated kernel key: b1a6ea8776bed2812c00d8a799f968274ef48628'
[   13.183352] zswap: loaded using pool lzo/zbud
[   13.184583] Key type trusted registered
[   13.186580] Key type encrypted registered
[   13.186584] AppArmor: AppArmor sha1 policy hashing enabled
[   13.186586] ima: No TPM chip found, activating TPM-bypass!
[   13.186602] evm: HMAC attrs: 0x1
[   13.186778]   Magic number: 5:754:899
[   13.306490] rtc_cmos rtc_cmos: setting system clock to 2017-10-05 19:53:07 UTC (1507233187)
[   13.306585] BIOS EDD facility v0.16 2004-Jun-25, 0 devices found
[   13.306586] EDD information not available.
[   19.121389] Freeing unused kernel memory: 1492K
[   19.127752] Write protecting the kernel read-only data: 14336k
[   19.130676] Freeing unused kernel memory: 1748K
[   19.132035] Freeing unused kernel memory: 112K
Loading, please wait...
starting version 229
[   19.146969] random: systemd-udevd: uninitialized urandom read (16 bytes read, 5 bits of entropy available)
[   19.148081] random: udevadm: uninitialized urandom read (16 bytes read, 5 bits of entropy available)
[   19.148113] random: udevadm: uninitialized urandom read (16 bytes read, 5 bits of entropy available)
[   19.148204] random: udevadm: uninitialized urandom read (16 bytes read, 5 bits of entropy available)
[   19.148236] random: udevadm: uninitialized urandom read (16 bytes read, 5 bits of entropy available)
[   19.148268] random: udevadm: uninitialized urandom read (16 bytes read, 5 bits of entropy available)
[   19.148299] random: udevadm: uninitialized urandom read (16 bytes read, 5 bits of entropy available)
[   19.148341] random: udevadm: uninitialized urandom read (16 bytes read, 5 bits of entropy available)
[   19.148369] random: udevadm: uninitialized urandom read (16 bytes read, 5 bits of entropy available)
[   19.148400] random: udevadm: uninitialized urandom read (16 bytes read, 5 bits of entropy available)
[   19.173716] e1000: Intel(R) PRO/1000 Network Driver - version 7.3.21-k8-NAPI
[   19.175078] e1000: Copyright (c) 1999-2006 Intel Corporation.
[   19.179795] Fusion MPT base driver 3.04.20
[   19.180662] Copyright (c) 1999-2008 LSI Corporation
[   19.185677] Fusion MPT SPI Host driver 3.04.20
[   19.196396] AVX version of gcm_enc/dec engaged.
[   19.197393] AES CTR mode by8 optimization enabled
[   19.405089] input: ImExPS/2 Generic Explorer Mouse as /devices/platform/i8042/serio1/input/input4
[   19.518972] e1000 0000:00:03.0 eth0: (PCI:33MHz:32-bit) 02:d2:3e:0e:ff:c0
[   19.520343] e1000 0000:00:03.0 eth0: Intel(R) PRO/1000 Network Connection
[   19.522539] mptbase: ioc0: Initiating bringup
[   19.524380] e1000 0000:00:03.0 enp0s3: renamed from eth0
[   19.588802] ioc0: LSI53C1030 A0: Capabilities={Initiator}
[   19.819989] scsi host2: ioc0: LSI53C1030 A0, FwRev=00000000h, Ports=1, MaxQ=256, IRQ=20
[   19.951854] scsi 2:0:0:0: Direct-Access     VBOX     HARDDISK         1.0  PQ: 0 ANSI: 5
[   19.957469] scsi target2:0:0: Beginning Domain Validation
[   19.964378] scsi target2:0:0: Domain Validation skipping write tests
[   19.968343] scsi target2:0:0: Ending Domain Validation
[   19.971843] scsi target2:0:0: asynchronous
[   19.975900] scsi 2:0:1:0: Direct-Access     VBOX     HARDDISK         1.0  PQ: 0 ANSI: 5
[   19.980907] scsi target2:0:1: Beginning Domain Validation
[   19.984601] scsi target2:0:1: Domain Validation skipping write tests
[   19.986756] scsi target2:0:1: Ending Domain Validation
[   19.988655] scsi target2:0:1: asynchronous
[   19.996011] sd 2:0:0:0: Attached scsi generic sg0 type 0
[   19.997279] sd 2:0:0:0: [sda] 20971520 512-byte logical blocks: (10.7 GB/10.0 GiB)
[   19.999631] sd 2:0:1:0: [sdb] 20480 512-byte logical blocks: (10.5 MB/10.0 MiB)
[   20.001220] sd 2:0:1:0: Attached scsi generic sg1 type 0
[   20.002382] sd 2:0:0:0: [sda] Write Protect is off
[   20.005715] sd 2:0:1:0: [sdb] Write Protect is off
[   20.006668] sd 2:0:1:0: [sdb] Incomplete mode parameter data
[   20.141825] sd 2:0:0:0: [sda] Incomplete mode parameter data
[   20.141826] sd 2:0:0:0: [sda] Assuming drive cache: write through
[   20.152305] sd 2:0:1:0: [sdb] Assuming drive cache: write through
[   20.158059]  sda: sda1
[   20.165423] sd 2:0:0:0: [sda] Attached SCSI disk
[   20.195549] sd 2:0:1:0: [sdb] Attached SCSI disk
[   22.198641] floppy0: no floppy controllers found
Begin: Loading e[   23.656887] md: linear personality registered for level -1
ssential drivers[   23.770157] md: multipath personality registered for level -4
 ... [   23.804287] md: raid0 personality registered for level 0
[   23.837577] md: raid1 personality registered for level 1
[   23.946496] raid6: sse2x1   gen()  9168 MB/s
[   24.014133] raid6: sse2x1   xor()  5381 MB/s
[   24.082570] raid6: sse2x2   gen() 10272 MB/s
[   24.322569] raid6: sse2x2   xor()  7329 MB/s
[   24.559228] raid6: sse2x4   gen() 10399 MB/s
[   24.730249] raid6: sse2x4   xor()  8307 MB/s
[   24.852989] raid6: using algorithm sse2x4 gen() 10399 MB/s
[   24.984163] raid6: .... xor() 8307 MB/s, rmw enabled
[   25.110018] raid6: using ssse3x2 recovery algorithm
[   25.281982] xor: automatically using best checksumming function:
[   25.478183]    avx       : 19801.000 MB/sec
[   25.555461] async_tx: api initialized (async)
[   25.596733] md: raid6 personality registered for level 6
[   25.611862] md: raid5 personality registered for level 5
[   25.937712] md: raid4 personality registered for level 4
[   26.407960] md: raid10 personality registered for level 10
done.
Begin: Running /scripts/i[   26.600514] Btrfs loaded
nit-premount ... done.
Begin: Mounting root file system ... Begin: Running /scripts/local-top ... done.
Begin: Running /scripts/local-premount ... Scanning for Btrfs filesystems
done.
Warning: fsck not present, so skipping root file system
[   26.792955] EXT4-fs (sda1): mounted filesystem with ordered data mode. Opts: (null)
done.
Begin: Running /scripts/local-bottom ... done.
Begin: Running /scripts/init-bottom ... done.
[   27.943311] systemd[1]: systemd 229 running in system mode. (+PAM +AUDIT +SELINUX +IMA +APPARMOR +SMACK +SYSVINIT +UTMP +LIBCRYPTSETUP +GCRYPT +GNUTLS +ACL +XZ -LZ4 +SECCOMP +BLKID +ELFUTILS +KMOD -IDN)
[   27.954011] systemd[1]: Detected virtualization oracle.
[   27.957285] systemd[1]: Detected architecture x86-64.

Welcome to [1mUbuntu 16.04.3 LTS[0m![   27.989674] random: nonblocking pool is initialized


[   28.001155] systemd[1]: Set hostname to <ubuntu>.
[   28.010710] systemd[1]: Initializing machine ID from random generator.
[   28.015163] systemd[1]: Installed transient /etc/machine-id file.
[   28.717943] systemd[1]: Reached target Swap.
[[0;32m  OK  [0m] Reached target Swap.
[   28.847186] systemd[1]: Listening on udev Control Socket.
[[0;32m  OK  [0m] Listening on udev Control Socket.
[   28.849307] systemd[1]: Listening on Journal Audit Socket.
[[0;32m  OK  [0m] Listening on Journal Audit Socket.
[   28.851331] systemd[1]: Listening on Journal Socket (/dev/log).
[[0;32m  OK  [0m] Listening on Journal Socket (/dev/log).
[   28.853639] systemd[1]: Listening on /dev/initctl Compatibility Named Pipe.
[[0;32m  OK  [0m] Listening on /dev/initctl Compatibility Named Pipe.
[   28.856083] systemd[1]: Listening on LVM2 metadata daemon socket.
[[0;32m  OK  [0m] Listening on LVM2 metadata daemon socket.
[   28.858715] systemd[1]: Listening on udev Kernel Socket.
[[0;32m  OK  [0m] Listening on udev Kernel Socket.
[   28.860794] systemd[1]: Reached target User and Group Name Lookups.
[[0;32m  OK  [0m] Reached target User and Group Name Lookups.
[   28.863174] systemd[1]: Listening on Journal Socket.
[[0;32m  OK  [0m] Listening on Journal Socket.
[   28.865313] systemd[1]: Set up automount Arbitrary Executable File Formats File System Automount Point.
[[0;32m  OK  [0m] Set up automount Arbitrary Executab...ats File System Automount Point.
[   28.868536] systemd[1]: Listening on Device-mapper event daemon FIFOs.
[[0;32m  OK  [0m] Listening on Device-mapper event daemon FIFOs.
[   28.870827] systemd[1]: Started Trigger resolvconf update for networkd DNS.
[[0;32m  OK  [0m] Started Trigger resolvconf update for networkd DNS.
[   28.873557] systemd[1]: Created slice User and Session Slice.
[[0;32m  OK  [0m] Created slice User and Session Slice.
[   28.876364] systemd[1]: Listening on LVM2 poll daemon socket.
[[0;32m  OK  [0m] Listening on LVM2 poll daemon socket.
[   28.878588] systemd[1]: Started Forward Password Requests to Wall Directory Watch.
[[0;32m  OK  [0m] Started Forward Password Requests to Wall Directory Watch.
[   28.881523] systemd[1]: Created slice System Slice.
[[0;32m  OK  [0m] Created slice System Slice.
[   28.896233] systemd[1]: Starting Remount Root and Kernel File Systems...
         Starting Remount Root and Kernel File Systems...
[   28.899199] systemd[1]: Mounting Debug File System...
         Mounting Debug File System...
[   28.900992] systemd[1]: Reached target Slices.
[[0;32m  OK  [0m] Reached target Slices.
[   28.903250] systemd[1]: Starting Create list of required static device nodes for the current kernel...
         Starting Create list of required st... nodes for the current kernel...
[   28.906694] systemd[1]: Mounting POSIX Message Queue File System...
         Mounting POSIX Message Queue File System...
[   28.909879] systemd[1]: Mounting Huge Pages File System...
         Mounting Huge Pages File System...
[   28.933368] EXT4-fs (sda1): re-mounted. Opts: (null)
[   29.086361] systemd[1]: Starting Load Kernel Modules...
         Starting Load Kernel Modules...
[   29.284442] systemd[1]: Created slice system-serial\x2dgetty.slice.
[[0;32m  OK  [0m] Created slice system-serial\x2dgetty.slice.
[   29.519985] Loading iSCSI transport class v2.0-870.
[   29.774440] systemd[1]: Starting Uncomplicated firewall...
         Starting Uncomplicated firewall...
[   29.834402] systemd[1]: Starting Nameserver information manager...
         [   29.909561] iscsi: registered transport (tcp)
Starting Nameserver information manager...
[   30.050365] systemd[1]: Starting Set console keymap...
         Starting Set console keymap...
[   30.052740] systemd[1]: Starting Monitoring of LVM2 mirrors, snapshots etc. using dmeventd or progress polling...
         Starting Monitoring of LVM2 mirrors... dmeventd or progress polling...
[   30.056199] iscsi: registered transport (iser)
[   30.056272] systemd[1]: Listening on Syslog Socket.
[[0;32m  OK  [0m] Listening on Syslog Socket.
[   30.150420] systemd[1]: Starting Journal Service...
         Starting Journal Service...
[   30.218389] systemd[1]: Reached target Encrypted Volumes.
[[0;32m  OK  [0m] Reached target Encrypted Volumes.
[   30.238952] systemd[1]: Mounted Debug File System.
[[0;32m  OK  [0m] Mounted Debug File System.
[   30.428826] systemd[1]: Mounted Huge Pages File System.
[[0;32m  OK  [0m] Mounted Huge Pages File System.
[   30.494145] systemd[1]: Mounted POSIX Message Queue File System.
[[0;32m  OK  [0m] Mounted POSIX Message Queue File System.
[   30.893128] systemd[1]: Started Journal Service.
[[0;32m  OK  [0m] Started Journal Service.
[[0;32m  OK  [0m] Started Remount Root and Kernel File Systems.
[[0;32m  OK  [0m] Started Create list of required sta...ce nodes for the current kernel.
[[0;32m  OK  [0m] Started Load Kernel Modules.
[[0;32m  OK  [0m] Started Uncomplicated firewall.
[[0;32m  OK  [0m] Started Set console keymap.
[[0;32m  OK  [0m] Started LVM2 metadata daemon.
         Starting Apply Kernel Variables...
         Mounting FUSE Control File System...
         Starting Create Static Device Nodes in /dev...
         Starting Initial cloud-init job (pre-networking)...
         Starting udev Coldplug all Devices...
         Starting Load/Save Random Seed...
         Starting Flush Journal to Persistent Storage...
[[0;32m  OK  [0m] Mounted FUSE Control File System.
[[0;32m  OK  [0m] Started Nameserver information manager.
[[0;32m  OK  [0m] Started Apply Kernel Variables.
[[0;32m  OK  [0m] Started udev Coldplug all Devices.
[[0;32m  OK  [0m] Started Load/Save Random Seed.
[[0;32m  OK  [0m] Started Flush Journal to Persistent Storage.
[[0;32m  OK  [0m] Started Monitoring of LVM2 mirrors,...ng dmeventd or progress polling.
[[0;32m  OK  [0m] Started Create Static Device Nodes in /dev.
         Starting udev Kernel Device Manager...
[[0;32m  OK  [0m] Started udev Kernel Device Manager.
[[0;32m  OK  [0m] Started Dispatch Password Requests to Console Directory Watch.
[[0;32m  OK  [0m] Reached target Local File Systems (Pre).
[[0;32m  OK  [0m] Reached target Local File Systems.
         Starting LSB: AppArmor initialization...
         Starting Set console font and keymap...
         Starting Commit a transient machine-id on disk...
         Starting Create Volatile Files and Directories...
         Starting Tell Plymouth To Write Out Runtime Data...
[[0;32m  OK  [0m] Started Commit a transient machine-id on disk.
[[0;32m  OK  [0m] Started Tell Plymouth To Write Out Runtime Data.
[[0;32m  OK  [0m] Started Create Volatile Files and Directories.
[[0;32m  OK  [0m] Found device /dev/ttyS0.
         Starting Update UTMP about System Boot/Shutdown...
[[0;32m  OK  [0m] Reached target System Time Synchronized.
[[0;32m  OK  [0m] Started Update UTMP about System Boot/Shutdown.
[[0;32m  OK  [0m] Started Set console font and keymap.
[[0;32m  OK  [0m] Created slice system-getty.slice.
[[0;32m  OK  [0m] Listening on Load/Save RF Kill Switch Status /dev/rfkill Watch.
[[0;32m  OK  [0m] Started LSB: AppArmor initialization.
[   28.961215] cloud-init[430]: Cloud-init v. 0.7.9 running 'init-local' at Thu, 05 Oct 2017 19:53:30 +0000. Up 28.63 seconds.
[[0;32m  OK  [0m] Started Initial cloud-init job (pre-networking).
[[0;32m  OK  [0m] Reached target Network (Pre).
         Starting Raise network interfaces...
[[0;32m  OK  [0m] Started Raise network interfaces.
         Starting Initial cloud-init job (metadata service crawler)...
[[0;32m  OK  [0m] Reached target Network.
[   32.161925] cloud-init[935]: Cloud-init v. 0.7.9 running 'init' at Thu, 05 Oct 2017 19:53:31 +0000. Up 29.67 seconds.
[[   32.224347] cloud-init[935]: ci-info: +++++++++++++++++++++++++++++++++++++Net device info++++++++++++++++++++++++++++++++++++++
[   32.224480] cloud-init[935]: ci-info: +--------+------+----------------------------+---------------+-------+-------------------+
[0;32m  OK  [0m] Started Initial cloud-init job (metadata service crawler).
[   32.224569] cloud-init[935]: ci-info: | Device |  Up  |          Address           |      Mask     | Scope |     Hw-Address    |
[   32.302924] cloud-init[935]: ci-info: +--------+------+----------------------------+---------------+-------+-------------------+
[[0;32m  OK  [0m] Reached target Cloud-config availability.
[[0;32m  OK  [0m] Reached target Network is Online.
[   32.336789] cloud-init[935]: ci-info: | enp0s3 | True |         10.0.2.15          | 255.255.255.0 |   .   | 02:d2:3e:0e:ff:c0 |
[   32.437151] cloud-init[935]: ci-info: | enp0s3 | True | fe80::d2:3eff:fe0e:ffc0/64 |       .       |  link | 02:d2:3e:0e:ff:c0 |
[   32.437958] cloud-init[935]: ci-info: |   lo   | True |         127.0.0.1          |   255.0.0.0   |   .   |         .         |
[   32.438661] cloud-init[935]: ci-info: |   lo   | True |          ::1/128           |       .       |  host |         .         |
[   32.439289] cloud-init[935]: ci-info: +--------+------+----------------------------+---------------+-------+-------------------+
[   32.440129] cloud-init[935]: ci-info: +++++++++++++++++++++++++++Route IPv4 info++++++++++++++++++++++++++++
[   32.441010] cloud-init[935]: ci-info: +-------+-------------+----------+---------------+-----------+-------+
[   32.441294] cloud-init[935]: ci-info: | Route | Destination | Gateway  |    Genmask    | Interface | Flags |
[   32.441656] cloud-init[935]: ci-info: +-------+-------------+----------+---------------+-----------+-------+
[   32.442336] cloud-init[935]: ci-info: |   0   |   0.0.0.0   | 10.0.2.2 |    0.0.0.0    |   enp0s3  |   UG  |
[   32.442692] cloud-init[935]: ci-info: |   1   |   10.0.2.0  | 0.0.0.0  | 255.255.255.0 |   enp0s3  |   U   |
[   32.442982] cloud-init[935]: ci-info: +-------+-------------+----------+---------------+-----------+-------+
[   32.443956] cloud-init[935]: Generating public/private rsa key pair.
[   32.444589] cloud-init[935]: Your identification has been saved in /etc/ssh/ssh_host_rsa_key.
[   32.445244] cloud-init[935]: Your public key has been saved in /etc/ssh/ssh_host_rsa_key.pub.
[   32.445916] cloud-init[935]: The key fingerprint is:
[   32.446219] cloud-init[935]: SHA256:pFRuWzuwLqkap9Eu8RpBW2MlTNNzEifYb4gsp5QbASE root@ubuntu-xenial
[   32.446517] cloud-init[935]: The key's randomart image is:
[   32.446839] cloud-init[935]: +---[RSA 2048]----+
[   32.447169] cloud-init[935]: |Eo o+++.o        |
[   32.447816] cloud-init[935]: |. . o+==.        |
[   32.448357] cloud-init[935]: |  .++..*= .      |
[   32.448571] cloud-init[935]: | .=++o.+o= .     |
[   32.448822] cloud-init[935]: | .o*  ..S o      |
[   32.449082] cloud-init[935]: |  +o   o   .     |
[   32.449568] cloud-init[935]: |  +oo o .        |
[   32.449827] cloud-init[935]: |  .B.. .         |
[   32.450090] cloud-init[935]: |  ++o            |
[   32.450334] cloud-init[935]: +----[SHA256]-----+
[   32.450819] cloud-init[935]: Generating public/private dsa key pair.
[   32.451064] cloud-init[935]: Your identification has been saved in /etc/ssh/ssh_host_dsa_key.
[   32.451331] cloud-init[935]: Your public key has been saved in /etc/ssh/ssh_host_dsa_key.pub.
[   32.451579] cloud-init[935]: The key fingerprint is:
[   32.451809] cloud-init[935]: SHA256:NJDu3pezXg3ZP90Pe4965X+8VlL3CXPLsWa/C4qpH4U root@ubuntu-xenial
[   32.452088] cloud-init[935]: The key's randomart image is:
[   32.452590] cloud-init[935]: +---[DSA 1024]----+
[   32.452829] cloud-init[935]: |      ..         |
[   32.453045] cloud-init[935]: |      ..         |
[   32.453249] cloud-init[935]: |     .  o        |
[   32.453471] cloud-init[935]: |      .. ..  = oo|
[   32.453678] cloud-init[935]: |     .  SE .o *.B|
[   32.453886] cloud-init[935]: |      .   .  o.O*|
[   32.454085] cloud-init[935]: |     . . . ...=**|
[   32.454281] cloud-init[935]: |      . . B.. o=O|
[   32.454520] cloud-init[935]: |       .o*o+.o+=@|
[   32.454711] cloud-init[935]: +----[SHA256]-----+
[   32.454918] cloud-init[935]: Generating public/private ecdsa key pair.
[   32.455114] cloud-init[935]: Your identification has been saved in /etc/ssh/ssh_host_ecdsa_key.
[   32.455319] cloud-init[935]: Your public key has been saved in /etc/ssh/ssh_host_ecdsa_key.pub.
[   32.455752] cloud-init[935]: The key fingerprint is:
[   32.456360] cloud-init[935]: SHA256:hlODxeiXu1pVkU9Y/NiH057uDEqhq0UZjh9YzV1yQTE root@ubuntu-xenial
[   32.456608] cloud-init[935]: The key's randomart image is:
[   32.456787] cloud-init[935]: +---[ECDSA 256]---+
[   32.457006] cloud-init[935]: |       o.   .*oEo|
[   32.458843] cloud-init[935]: |      .o. o +.* .|
[   32.459226] cloud-init[935]: |     .. o+ o.+ * |
[   32.459383] cloud-init[935]: |      .oB.o.  = =|
[   32.459765] cloud-init[935]: |      o+S*..   oo|
[   32.459917] cloud-init[935]: |       o+.o .  ..|
[   32.460265] cloud-init[935]: |        .= . ..  |
[   32.460438] cloud-init[935]: |       .o o . o. |
[   32.460607] cloud-init[935]: |      .o.. .  .o |
[   32.460779] cloud-init[935]: +----[SHA256]-----+
[   32.460986] cloud-init[935]: Generating public/private ed25519 key pair.
[   32.461162] cloud-init[935]: Your identification has been saved in /etc/ssh/ssh_host_ed25519_key.
[   32.461490] cloud-init[935]: Your public key has been saved in /etc/ssh/ssh_host_ed25519_key.pub.
[   32.461833] cloud-init[935]: The key fingerprint is:
[   32.462028] cloud-init[935]: SHA256:CMov4YNN3EWG216sAovfwUwlcqWzkLRCI7iKPRQVT+0 root@ubuntu-xenial
[   32.462197] cloud-init[935]: The key's randomart image is:
[   32.462538] cloud-init[935]: +--[ED25519 256]--+
[   32.462710] cloud-init[935]: |oo..o+=.         |
[   32.463060] cloud-init[935]: |+.+o+*. .        |
[   32.463214] cloud-init[935]: |..+++=oo         |
[   32.463354] cloud-init[935]: |.+o+o=..E        |
[   32.463506] cloud-init[935]: |o+**o..oS        |
[   32.463648] cloud-init[935]: |+=+o= o          |
[   32.463803] cloud-init[935]: |..=o.o           |
[   32.464377] cloud-init[935]: |  .o.            |
[   32.464836] cloud-init[935]: |                 |
[   32.464945] cloud-init[935]: +----[SHA256]-----+
         Starting iSCSI initiator daemon (iscsid)...
[[0;32m  OK  [0m] Reached target System Initialization.
[[0;32m  OK  [0m] Started Daily Cleanup of Temporary Directories.
[[0;32m  OK  [0m] Listening on UUID daemon activation socket.
[[0;32m  OK  [0m] Started Timer to automatically refresh installed snaps.
[[0;32m  OK  [0m] Started ACPI Events Check.
[[0;32m  OK  [0m] Reached target Paths.
[[0;32m  OK  [0m] Listening on D-Bus System Message Bus Socket.
         Starting LXD - unix socket.
[[0;32m  OK  [0m] Listening on ACPID Listen Socket.
         Starting Socket activation for snappy daemon.
[[0;32m  OK  [0m] Started Timer to automatically fetch and run repair assertions.
[[0;32m  OK  [0m] Started Daily apt download activities.
[[0;32m  OK  [0m] Started Daily apt upgrade and clean activities.
[[0;32m  OK  [0m] Reached target Timers.
[[0;32m  OK  [0m] Listening on LXD - unix socket.
[[0;32m  OK  [0m] Listening on Socket activation for snappy daemon.
[[0;32m  OK  [0m] Reached target Sockets.
[[0;32m  OK  [0m] Reached target Basic System.
         Starting Apply the settings specified in cloud-config...
[[0;32m  OK  [0m] Started D-Bus System Message Bus.
[[0;32m  OK  [0m] Started Regular background program processing daemon.
[[0;32m  OK  [0m] Started FUSE filesystem for LXC.
[[0;32m  OK  [0m] Started Unattended Upgrades Shutdown.
         Starting LXD - container startup/shutdown...
         Starting /etc/rc.local Compatibility...
         Starting Pollinate to seed the pseudo random number generator...
         Starting Snappy daemon...
         Starting LSB: Record successful boot for GRUB...
         Starting Accounts Service...
         Starting Login Service...
         Starting LSB: MD monitoring daemon...
[[0;32m  OK  [0m] Started Deferred execution scheduler.
         Starting System Logging Service...
[[0;32m  OK  [0m] Started ACPI event daemon.
[[0;32m  OK  [0m] Started iSCSI initiator daemon (iscsid).
[[0;32m  OK  [0m] Started /etc/rc.local Compatibility.
         Starting Login to default iSCSI targets...
[[0;32m  OK  [0m] Started LSB: Record successful boot for GRUB.
[[0;32m  OK  [0m] Started Login Service.
[[0;32m  OK  [0m] Started Login to default iSCSI targets.
[[0;32m  OK  [0m] Reached target Remote File Systems (Pre).
[[0;32m  OK  [0m] Reached target Remote File Systems.
         Starting LSB: daemon to balance interrupts for SMP systems...
         Starting Permit User Sessions...
         Starting LSB: VirtualBox Linux Additions...
         Starting LSB: automatic crash report generation...
         Starting LSB: Set the CPU Frequency Scaling governor to "ondemand"...
[   33.413364] cloud-init[1031]: Generating locales (this might take a while)...
[[0;32m  OK  [0m] Started System Logging Service.
[[0;32m  OK  [0m] Started LSB: MD monitoring daemon.
[[0;32m  OK  [0m] Started Permit User Sessions.
         Starting Terminate Plymouth Boot Screen...
         Starting Hold until boot process finishes up...
[[0;32m  OK  [0m] Started LSB: Set the CPU Frequency Scaling governor to "ondemand".
[[0;32m  OK  [0m] Started Terminate Plymouth Boot Screen.
[[0;32m  OK  [0m] Started Hold until boot process finishes up.
[[0;32m  OK  [0m] Started LSB: automatic crash report generation.
[[0;32m  OK  [0m] Started LSB: daemon to balance interrupts for SMP systems.
         Starting Authenticate and Authorize Users to Run Privileged Tasks...
[[0;32m  OK  [0m] Started Getty on tty1.
         Starting Set console scheme...
[[0;32m  OK  [0m] Started Serial Getty on ttyS0.
[[0;32m  OK  [0m] Reached target Login Prompts.
[[0;32m  OK  [0m] Started Set console scheme.
[[0;32m  OK  [0m] Started LSB: VirtualBox Linux Additions.
[[0;32m  OK  [0m] Started Authenticate and Authorize Users to Run Privileged Tasks.
[[0;32m  OK  [0m] Started Accounts Service.
[[0;32m  OK  [0m] Started LXD - container startup/shutdown.
[   36.998139] cloud-init[1031]:   en_US.UTF-8... done
[   37.017704] cloud-init[1031]: Generation complete.
[[0;32m  OK  [0m] Started Snappy daemon.
         Starting Auto import assertions from block devices...
[[0;32m  OK  [0m] Started Auto import assertions from block devices.
[[0;32m  OK  [0m] Stopped OpenBSD Secure Shell server.
         Starting OpenBSD Secure Shell server...
[[0;32m  OK  [0m] Started OpenBSD Secure Shell server.
[[0;32m  OK  [0m] Created slice User Slice of ubuntu.
         Starting User Manager for UID 1000...
[[0;32m  OK  [0m] Started Session 1 of user ubuntu.
[[0;32m  OK  [0m] Started User Manager for UID 1000.
[   38.992987] cloud-init[1031]: Cloud-init v. 0.7.9 running 'modules:config' at Thu, 05 Oct 2017 19:53:34 +0000. Up 32.81 seconds.

Ubuntu 16.04.3 LTS ubuntu-xenial ttyS0

ubuntu-xenial login: ci-info: no authorized ssh keys fingerprints found for user ubuntu.
<14>Oct  5 19:53:41 ec2: 
<14>Oct  5 19:53:41 ec2: #############################################################
<14>Oct  5 19:53:41 ec2: -----BEGIN SSH HOST KEY FINGERPRINTS-----
<14>Oct  5 19:53:41 ec2: 1024 SHA256:NJDu3pezXg3ZP90Pe4965X+8VlL3CXPLsWa/C4qpH4U root@ubuntu-xenial (DSA)
<14>Oct  5 19:53:41 ec2: 256 SHA256:hlODxeiXu1pVkU9Y/NiH057uDEqhq0UZjh9YzV1yQTE root@ubuntu-xenial (ECDSA)
<14>Oct  5 19:53:41 ec2: 256 SHA256:CMov4YNN3EWG216sAovfwUwlcqWzkLRCI7iKPRQVT+0 root@ubuntu-xenial (ED25519)
<14>Oct  5 19:53:41 ec2: 2048 SHA256:pFRuWzuwLqkap9Eu8RpBW2MlTNNzEifYb4gsp5QbASE root@ubuntu-xenial (RSA)
<14>Oct  5 19:53:41 ec2: -----END SSH HOST KEY FINGERPRINTS-----
<14>Oct  5 19:53:41 ec2: #############################################################
-----BEGIN SSH HOST KEY KEYS-----
ecdsa-sha2-nistp256 AAAAE2VjZHNhLXNoYTItbmlzdHAyNTYAAAAIbmlzdHAyNTYAAABBBHQpvJ0K1Kd/lEu6DADDoK4OhGFIzEaPX4det97IwLpeyrVBBQXu+FeR5Z/lOSvxQMVw+rmMySszr6/r21C1XJw= root@ubuntu-xenial
ssh-ed25519 AAAAC3NzaC1lZDI1NTE5AAAAIEd1BR9RL9o9Sa9QDg04pcZP03hDHZTJTraanTe/YQ8l root@ubuntu-xenial
ssh-rsa AAAAB3NzaC1yc2EAAAADAQABAAABAQCzGGNFqn4aegmfvkw3LAMhqRO7bhFHWdYOqoMFjpbVsa1/fGzEsg+84oUiv+uW2OhyeFUlQYFZjEE1ziqzh609qAnY+HE+fg/Inty0U1qcaYcxr/I5xxIgZbv4fvNhqYsiHob7e+fJg7PQvBqwFlT63radr4IIdjfBjVhpzicIyxAKYngru4NEhXFgJU70acKYJSaWFPNCMktIhdlvcutm2axNYcdqKcsvPS+Bw2FJe+5y+w1ddxi1HqZEqJrKJv4RNO8e7JDuthLUOJSBjoOXTLvBXvaX1mkuZegk5rPdR0A6lh3XRn3RzYyibp3bbW/eStAmCL47/MaV0htMepkB root@ubuntu-xenial
-----END SSH HOST KEY KEYS-----
[   40.220415] cloud-init[1380]: Cloud-init v. 0.7.9 running 'modules:final' at Thu, 05 Oct 2017 19:53:41 +0000. Up 39.95 seconds.
[   40.228747] cloud-init[1380]: ci-info: no authorized ssh keys fingerprints found for user ubuntu.
[   40.230391] cloud-init[1380]: Cloud-init v. 0.7.9 finished at Thu, 05 Oct 2017 19:53:41 +0000. Datasource DataSourceNoCloud [seed=/dev/sdb][dsmode=net].  Up 40.20 seconds
